

================================================================
== Vivado HLS Report for 'next_byte'
================================================================
* Date:           Sun May 21 22:49:08 2017

* Version:        2016.4 (Build 1756540 on Mon Jan 23 19:31:01 MST 2017)
* Project:        lfsr
* Solution:       ultrazed-unrolled-loop
* Product family: zynquplus
* Target device:  xczu3eg-sfva625-1-i-es1


================================================================
== Performance Estimates
================================================================
+ Timing (ns): 
    * Summary: 
    +--------+-------+----------+------------+
    |  Clock | Target| Estimated| Uncertainty|
    +--------+-------+----------+------------+
    |ap_clk  |  10.00|      0.84|        1.25|
    +--------+-------+----------+------------+

+ Latency (clock cycles): 
    * Summary: 
    +-----+-----+-----+-----+---------+
    |  Latency  |  Interval | Pipeline|
    | min | max | min | max |   Type  |
    +-----+-----+-----+-----+---------+
    |    0|    0|    1|    1|   none  |
    +-----+-----+-----+-----+---------+

    + Detail: 
        * Instance: 
        N/A

        * Loop: 
        N/A



================================================================
== Utilization Estimates
================================================================
* Summary: 
+-----------------+---------+-------+--------+-------+-----+
|       Name      | BRAM_18K| DSP48E|   FF   |  LUT  | URAM|
+-----------------+---------+-------+--------+-------+-----+
|DSP              |        -|      -|       -|      -|    -|
|Expression       |        -|      -|       0|     24|    -|
|FIFO             |        -|      -|       -|      -|    -|
|Instance         |        -|      -|       -|      -|    -|
|Memory           |        -|      -|       -|      -|    -|
|Multiplexer      |        -|      -|       -|      -|    -|
|Register         |        -|      -|      33|      -|    -|
+-----------------+---------+-------+--------+-------+-----+
|Total            |        0|      0|      33|     24|    0|
+-----------------+---------+-------+--------+-------+-----+
|Available        |      432|    360|  141120|  70560|    0|
+-----------------+---------+-------+--------+-------+-----+
|Utilization (%)  |        0|      0|   ~0   |   ~0  |  100|
+-----------------+---------+-------+--------+-------+-----+

+ Detail: 
    * Instance: 
    N/A

    * DSP48: 
    N/A

    * Memory: 
    N/A

    * FIFO: 
    N/A

    * Expression: 
    +-------------------+----------+-------+---+----+------------+------------+
    |   Variable Name   | Operation| DSP48E| FF| LUT| Bitwidth P0| Bitwidth P1|
    +-------------------+----------+-------+---+----+------------+------------+
    |tmp10_fu_254_p2    |    xor   |      0|  0|   1|           1|           1|
    |tmp11_fu_274_p2    |    xor   |      0|  0|   1|           1|           1|
    |tmp12_fu_280_p2    |    xor   |      0|  0|   1|           1|           1|
    |tmp13_fu_300_p2    |    xor   |      0|  0|   1|           1|           1|
    |tmp14_fu_306_p2    |    xor   |      0|  0|   1|           1|           1|
    |tmp1_fu_158_p2     |    xor   |      0|  0|   1|           1|           1|
    |tmp2_fu_164_p2     |    xor   |      0|  0|   1|           1|           1|
    |tmp3_fu_192_p2     |    xor   |      0|  0|   1|           1|           1|
    |tmp4_fu_198_p2     |    xor   |      0|  0|   1|           1|           1|
    |tmp5_fu_218_p2     |    xor   |      0|  0|   1|           1|           1|
    |tmp6_fu_224_p2     |    xor   |      0|  0|   1|           1|           1|
    |tmp7_fu_248_p2     |    xor   |      0|  0|   1|           1|           1|
    |tmp8_fu_124_p2     |    xor   |      0|  0|   1|           1|           1|
    |tmp9_fu_130_p2     |    xor   |      0|  0|   1|           1|           1|
    |tmp_1_fu_170_p2    |    xor   |      0|  0|   1|           1|           1|
    |tmp_2_fu_204_p2    |    xor   |      0|  0|   1|           1|           1|
    |tmp_3_fu_230_p2    |    xor   |      0|  0|   1|           1|           1|
    |tmp_5_fu_260_p2    |    xor   |      0|  0|   1|           1|           1|
    |tmp_5_s_fu_312_p2  |    xor   |      0|  0|   1|           1|           1|
    |tmp_6_fu_112_p2    |    xor   |      0|  0|   1|           1|           1|
    |tmp_7_fu_118_p2    |    xor   |      0|  0|   1|           1|           1|
    |tmp_8_fu_286_p2    |    xor   |      0|  0|   1|           1|           1|
    |tmp_fu_106_p2      |    xor   |      0|  0|   1|           1|           1|
    |tmp_s_fu_136_p2    |    xor   |      0|  0|   1|           1|           1|
    +-------------------+----------+-------+---+----+------------+------------+
    |Total              |          |      0|  0|  24|          24|          24|
    +-------------------+----------+-------+---+----+------------+------------+

    * Multiplexer: 
    N/A

    * Register: 
    +-----------+----+----+-----+-----------+
    |    Name   | FF | LUT| Bits| Const Bits|
    +-----------+----+----+-----+-----------+
    |ap_CS_fsm  |   1|   0|    1|          0|
    |r          |  32|   0|   32|          0|
    +-----------+----+----+-----+-----------+
    |Total      |  33|   0|   33|          0|
    +-----------+----+----+-----+-----------+



================================================================
== Interface
================================================================
* Summary: 
+-----------+-----+-----+------------+--------------+--------------+
| RTL Ports | Dir | Bits|  Protocol  | Source Object|    C Type    |
+-----------+-----+-----+------------+--------------+--------------+
|ap_clk     |  in |    1| ap_ctrl_hs |   next_byte  | return value |
|ap_rst     |  in |    1| ap_ctrl_hs |   next_byte  | return value |
|ap_start   |  in |    1| ap_ctrl_hs |   next_byte  | return value |
|ap_done    | out |    1| ap_ctrl_hs |   next_byte  | return value |
|ap_idle    | out |    1| ap_ctrl_hs |   next_byte  | return value |
|ap_ready   | out |    1| ap_ctrl_hs |   next_byte  | return value |
|ap_return  | out |   32| ap_ctrl_hs |   next_byte  | return value |
+-----------+-----+-----+------------+--------------+--------------+

